2026-08-07 11:46:13 | INFO | Log desta execução salvo em: D:\ETL_Python_NGR-SEE\data\logs\execucao_20260807_114613.log
2026-08-07 11:48:24 | INFO | Formato detectado para '7780a83e_tx_rend_escolas_2025_PE_TRATADA.csv': {'encoding': 'latin-1', 'sep': ';'}
2026-08-07 11:48:24 | INFO | Arquivo pequeno (35.7MB) — leitura direta.
2026-08-07 11:48:26 | INFO | Carregado: 126688 linhas, 63 colunas.
2026-08-07 11:48:26 | INFO | [CONTEXT] Arquivo carregado: tx_rend_escolas_2025_PE_TRATADA.csv — 126688 linhas, 63 colunas.
2026-08-07 11:50:00 | INFO | Etapa 1: [ERRO] ERRO na etapa 'remover_duplicatas': "None of [Index([''], dtype='str')] are in the [columns]"
2026-08-07 11:50:00 | INFO | [CONTEXT] Nulos removidos: [] — 126688 linhas, 63 colunas.
2026-08-07 11:50:00 | INFO | Etapa 2: [OK] Linhas com nulos removidas.
2026-08-07 11:50:00 | INFO | [CONTEXT] Texto (upper): [] — 126688 linhas, 63 colunas.
2026-08-07 11:50:00 | INFO | Etapa 3: [OK] Texto normalizado em [].
2026-08-07 11:51:13 | INFO | Coluna 'Ano': convertida para número. 4 valores não numéricos viraram nulo.
2026-08-07 11:51:13 | INFO | [CONTEXT] Tipos: {'Ano': 'numero'} — 126688 linhas, 63 colunas.
2026-08-07 11:51:13 | INFO | Etapa 1: [OK] Tipos corrigidos.
2026-08-07 11:51:13 | INFO | Coluna 'Ano': convertida para texto.
2026-08-07 11:51:13 | INFO | [CONTEXT] Tipos: {'Ano': 'texto'} — 126688 linhas, 63 colunas.
2026-08-07 11:51:13 | INFO | Etapa 2: [OK] Tipos corrigidos.
2026-08-07 11:51:13 | INFO | Coluna 'UF': convertida para texto.
2026-08-07 11:51:13 | INFO | [CONTEXT] Tipos: {'UF': 'texto'} — 126688 linhas, 63 colunas.
2026-08-07 11:51:13 | INFO | Etapa 3: [OK] Tipos corrigidos.
2026-08-07 11:51:13 | INFO | Coluna 'Código da Escola': convertida para texto.
2026-08-07 11:51:13 | INFO | [CONTEXT] Tipos: {'Código da Escola': 'texto'} — 126688 linhas, 63 colunas.
2026-08-07 11:51:13 | INFO | Etapa 4: [OK] Tipos corrigidos.
2026-08-07 11:51:13 | INFO | Coluna 'Unnamed: 11': convertida para texto.
2026-08-07 11:51:13 | INFO | [CONTEXT] Tipos: {'Unnamed: 11': 'texto'} — 126688 linhas, 63 colunas.
2026-08-07 11:51:13 | INFO | Etapa 5: [OK] Tipos corrigidos.
2026-08-07 11:51:14 | INFO | Coluna 'Unnamed: 11': convertida para texto.
2026-08-07 11:51:14 | INFO | [CONTEXT] Tipos: {'Unnamed: 11': 'texto'} — 126688 linhas, 63 colunas.
2026-08-07 11:51:14 | INFO | Etapa 6: [OK] Tipos corrigidos.
2026-08-07 11:51:46 | INFO | [CONTEXT] Ordenado: ['Ano'] — 126688 linhas, 63 colunas.
2026-08-07 11:51:46 | INFO | Etapa 1: [OK] Ordenado por ['Ano'].
2026-08-07 11:51:47 | INFO | [CONTEXT] Ordenado: ['Taxa de Aprovação'] — 126688 linhas, 63 colunas.
2026-08-07 11:51:47 | INFO | Etapa 2: [OK] Ordenado por ['Taxa de Aprovação'].
2026-08-07 11:51:47 | INFO | [CONTEXT] Ordenado: ['Código da Escola'] — 126688 linhas, 63 colunas.
2026-08-07 11:51:47 | INFO | Etapa 3: [OK] Ordenado por ['Código da Escola'].
